====================================
Ultimate Alt Manager v2.1.0
====================================
[CONFIG] Loaded 20 alts, 3 enabled
[CONFIG] Servers: A, B
[STARTUP] Discord connecting...
[02/10/2026, 05:01:42 AM] SYSTEM_START | author=Wicked | version=2.1.0
Ultimate Alt Manager v2.1.0 | Booting...
[02/10/2026, 05:01:43 AM] Γ£à Ultimate Alt Manager Online (v2.1.0)
[02/10/2026, 05:01:43 AM] SYSTEM_START | author=Wicked | version=2.1.0
[Discord] Connected. If you see old /alts cmd command, logout/login Discord or clear cache.
[STARTUP] BotManager ready
Alt manager started v2.1.0 | Ready for commands
[5:01:46 AM] [MGR] alt1: online, ign=136L
